// Jest Snapshot v1, https://goo.gl/fbAQLP

exports[`should render Header correctly 1`] = `
<header>
  <h1>
    Expensify
  </h1>
  <div>
    <Unknown
      activeClassName="is-active"
      exact={true}
      to="/"
    >
      Home Page
    </Unknown>
    <Unknown
      activeClassName="is-active"
      to="/create"
    >
      Create Expense
    </Unknown>
  </div>
</header>
`;
